I'm sorry, but errors were detected in your script. Please correct the
errors listed below, and try again.


File "game/script.rpy", line 1906: expected 'image_name_component' not found.
    image 
          ^

Ren'Py Version: Ren'Py 8.3.2.24090902
Thu Dec 12 00:37:33 2024
